
> ngbhs-reunion-football-tournament@0.1.0 build
> next build

▲ Next.js 16.2.4 (Turbopack)
- Environments: .env
- Experiments (use with caution):
  · serverActions

  Creating an optimized production build ...

> Build error occurred
Error: Turbopack build failed with 1 errors:
./app/(panel)/dashboard/notifications/NotificationsClient.tsx:7:1
Module not found: Can't resolve '@mui/icons-material/CheckCircleOutline'
  [90m 5 |[0m ...[36mt[0m { formatDistanceToNow } [36mfrom[0m [32m"date-fns"[0m;
  [90m 6 |[0m ...[36mt[0m { markAsRead, markAllAsRead } [36mfrom[0m [32m"@/lib/actions/notification.ac...[0m
[31m[1m>[0m [90m 7 |[0m ...[36mt[0m [33mCheckCircleOutlineIcon[0m [36mfrom[0m [32m"@mui/icons-material/CheckCircleOutli...[0m
  [90m   |[0m    [31m[1m^^^^^^^^^^^^^^^^^^^^^^^^^^^^^^^^^^^^^^^^^^^^^^^^^^^^^^^^^^^^^^^^^^^^^^[0m
  [90m 8 |[0m ...[36mt[0m [33mOpenInNewIcon[0m [36mfrom[0m [32m"@mui/icons-material/OpenInNew"[0m;
  [90m 9 |[0m ...
  [90m10 |[0m ...[36mt[0m [36mdefault[0m [36mfunction[0m [33mNotificationsClient[0m({ initialNotifications }: { ...



Import trace:
  Server Component:
    ./app/(panel)/dashboard/notifications/NotificationsClient.tsx
    ./app/(panel)/dashboard/notifications/page.tsx

https://nextjs.org/docs/messages/module-not-found


    at <unknown> (./app/(panel)/dashboard/notifications/NotificationsClient.tsx:7:1)
    at <unknown> (https://nextjs.org/docs/messages/module-not-found)
